interactions:
- request:
    body: null
    headers:
      Accept:
      - application/json
      Authorization:
      - SSWS myAPIToken
      Content-Type:
      - application/json
      User-Agent:
      - okta-sdk-python/1.0.0-alpha.1 python/3.8.3 Darwin/18.7.0
    method: POST
    uri: https://test.okta.com/api/v1/groups
  response:
    body:
      string: '{"id":"00gotiq72uVPk94XC4x6","created":"2020-08-06T13:31:12.000Z","lastUpdated":"2020-08-06T13:31:12.000Z","lastMembershipUpdated":"2020-08-06T13:31:12.000Z","objectClass":["okta:user_group"],"type":"OKTA_GROUP","profile":{"name":"Group-Target-Test","description":null},"_links":{"logo":[{"name":"medium","href":"https://ok11static.oktacdn.com/assets/img/logos/groups/okta-medium.d7fb831bc4e7e1a5d8bd35dfaf405d9e.png","type":"image/png"},{"name":"large","href":"https://ok11static.oktacdn.com/assets/img/logos/groups/okta-large.511fcb0de9da185b52589cb14d581c2c.png","type":"image/png"}],"users":{"href":"https://test.okta.com/api/v1/groups/00gotiq72uVPk94XC4x6/users"},"apps":{"href":"https://test.okta.com/api/v1/groups/00gotiq72uVPk94XC4x6/apps"}}}'
    headers:
      Connection: keep-alive
      Content-Encoding: gzip
      Content-Type: application/json;charset=UTF-8
      Date: Thu, 06 Aug 2020 13:31:12 GMT
      Public-Key-Pins-Report-Only: pin-sha256="r5EfzZxQVvQpKo3AgYRaT7X2bDO/kj3ACwmxfdT2zt8=";
        pin-sha256="MaqlcUgk2mvY/RFSGeSwBRkI+rZ6/dxe/DuQfBT/vnQ="; pin-sha256="72G5IEvDEWn+EThf3qjR7/bQSWaS2ZSLqolhnO6iyJI=";
        pin-sha256="rrV6CLCCvqnk89gWibYT0JO6fNQ8cCit7GGoiVTjCOg="; max-age=60; report-uri="https://okta.report-uri.com/r/default/hpkp/reportOnly"
      Server: nginx
      Strict-Transport-Security: max-age=315360000; includeSubDomains
      Transfer-Encoding: chunked
      Vary: Accept-Encoding
      cache-control: no-cache, no-store
      content-security-policy-report-only: 'default-src ''self'' *.oktacdn.com test.okta.com;
        connect-src ''self'' *.oktacdn.com *.mixpanel.com *.mapbox.com app.pendo.io
        data.pendo.io pendo-static-5634101834153984.storage.googleapis.com test.okta.com
        test-admin.okta.com https://oinmanager.okta.com data:; script-src ''unsafe-inline''
        ''unsafe-eval'' ''self'' *.oktacdn.com; style-src ''unsafe-inline'' ''self''
        *.oktacdn.com app.pendo.io cdn.pendo.io pendo-static-5634101834153984.storage.googleapis.com;
        frame-src ''self'' login.okta.com test.okta.com test-admin.okta.com; img-src
        ''self'' *.oktacdn.com test.okta.com *.tiles.mapbox.com *.mapbox.com app.pendo.io
        data.pendo.io cdn.pendo.io pendo-static-5634101834153984.storage.googleapis.com
        data: blob:; font-src data: ''self'' *.oktacdn.com fonts.gstatic.com; report-uri
        https://okta.report-uri.com/r/d/csp/reportOnly; report-to csp-report'
      expires: '0'
      p3p: CP="HONK"
      pragma: no-cache
      report-to: '{"group":"csp-report","max_age":31536000,"endpoints":[{"url":"https://okta.report-uri.com/r/d/csp/reportOnly"}],"include_subdomains":true}'
      set-cookie: JSESSIONID=E78B1362455A5902D50E657FFF204B7C; Path=/; Secure; HttpOnly
      x-content-type-options: nosniff
      x-okta-request-id: XywGIO-HfNdDgJpFRtzSnAAABmE
      x-rate-limit-limit: '500'
      x-rate-limit-remaining: '499'
      x-rate-limit-reset: '1596720732'
      x-xss-protection: 1; mode=block; report=https://okta.report-uri.com/r/d/xss/enforce
    status:
      code: 200
      message: OK
    url: https://test.okta.com/api/v1/groups
- request:
    body: null
    headers:
      Accept:
      - application/json
      Authorization:
      - SSWS myAPIToken
      Content-Type:
      - application/json
      User-Agent:
      - okta-sdk-python/1.0.0-alpha.1 python/3.8.3 Darwin/18.7.0
    method: POST
    uri: https://test.okta.com/api/v1/apps
  response:
    body:
      string: '{"id":"0oaotir4dna1RsdMz4x6","name":"template_swa","label":"Test Assigned-Applications","status":"ACTIVE","lastUpdated":"2020-08-06T13:31:13.000Z","created":"2020-08-06T13:31:12.000Z","accessibility":{"selfService":false,"errorRedirectUrl":null,"loginRedirectUrl":null},"visibility":{"autoSubmitToolbar":false,"hide":{"iOS":false,"web":false},"appLinks":{"login":true}},"features":[],"signOnMode":"BROWSER_PLUGIN","credentials":{"scheme":"EDIT_USERNAME_AND_PASSWORD","userNameTemplate":{"template":"${source.login}","type":"BUILT_IN"},"revealPassword":false,"signing":{}},"settings":{"app":{"loginUrlRegex":"^https://example.com/login.html$","usernameField":"txt-box-username","redirectUrl":null,"buttonField":"btn-login","checkbox":null,"passwordField":"txt-box-password","url":"https://example.com/login.html"},"notifications":{"vpn":{"network":{"connection":"DISABLED"},"message":null,"helpUrl":null}}},"_links":{"appLinks":[{"name":"login","href":"https://test.okta.com/home/template_swa/0oaotir4dna1RsdMz4x6/2357","type":"text/html"}],"groups":{"href":"https://test.okta.com/api/v1/apps/0oaotir4dna1RsdMz4x6/groups"},"logo":[{"name":"medium","href":"https://ok11static.oktacdn.com/fs/bcg/4/gfsk2o62502C8ZqRL4x5","type":"image/png"}],"users":{"href":"https://test.okta.com/api/v1/apps/0oaotir4dna1RsdMz4x6/users"},"deactivate":{"href":"https://test.okta.com/api/v1/apps/0oaotir4dna1RsdMz4x6/lifecycle/deactivate"}}}'
    headers:
      Connection: keep-alive
      Content-Encoding: gzip
      Content-Type: application/json;charset=UTF-8
      Date: Thu, 06 Aug 2020 13:31:13 GMT
      Public-Key-Pins-Report-Only: pin-sha256="r5EfzZxQVvQpKo3AgYRaT7X2bDO/kj3ACwmxfdT2zt8=";
        pin-sha256="MaqlcUgk2mvY/RFSGeSwBRkI+rZ6/dxe/DuQfBT/vnQ="; pin-sha256="72G5IEvDEWn+EThf3qjR7/bQSWaS2ZSLqolhnO6iyJI=";
        pin-sha256="rrV6CLCCvqnk89gWibYT0JO6fNQ8cCit7GGoiVTjCOg="; max-age=60; report-uri="https://okta.report-uri.com/r/default/hpkp/reportOnly"
      Server: nginx
      Strict-Transport-Security: max-age=315360000; includeSubDomains
      Transfer-Encoding: chunked
      Vary: Accept-Encoding
      cache-control: no-cache, no-store
      content-security-policy-report-only: 'default-src ''self'' *.oktacdn.com test.okta.com;
        connect-src ''self'' *.oktacdn.com *.mixpanel.com *.mapbox.com app.pendo.io
        data.pendo.io pendo-static-5634101834153984.storage.googleapis.com test.okta.com
        test-admin.okta.com https://oinmanager.okta.com data:; script-src ''unsafe-inline''
        ''unsafe-eval'' ''self'' *.oktacdn.com; style-src ''unsafe-inline'' ''self''
        *.oktacdn.com app.pendo.io cdn.pendo.io pendo-static-5634101834153984.storage.googleapis.com;
        frame-src ''self'' login.okta.com test.okta.com test-admin.okta.com; img-src
        ''self'' *.oktacdn.com test.okta.com *.tiles.mapbox.com *.mapbox.com app.pendo.io
        data.pendo.io cdn.pendo.io pendo-static-5634101834153984.storage.googleapis.com
        data: blob:; font-src data: ''self'' *.oktacdn.com fonts.gstatic.com; report-uri
        https://okta.report-uri.com/r/d/csp/reportOnly; report-to csp-report'
      expires: '0'
      p3p: CP="HONK"
      pragma: no-cache
      report-to: '{"group":"csp-report","max_age":31536000,"endpoints":[{"url":"https://okta.report-uri.com/r/d/csp/reportOnly"}],"include_subdomains":true}'
      set-cookie: JSESSIONID=8B7177E563EBC1ADBAD718BD94CE9A8D; Path=/; Secure; HttpOnly
      x-content-type-options: nosniff
      x-okta-request-id: XywGIHVUkCaUNcCqV--1YQAAA0Y
      x-rate-limit-limit: '100'
      x-rate-limit-remaining: '98'
      x-rate-limit-reset: '1596720679'
      x-xss-protection: 1; mode=block; report=https://okta.report-uri.com/r/d/xss/enforce
    status:
      code: 200
      message: OK
    url: https://test.okta.com/api/v1/apps
- request:
    body: null
    headers:
      Accept:
      - application/json
      Authorization:
      - SSWS myAPIToken
      Content-Type:
      - application/json
      User-Agent:
      - okta-sdk-python/1.0.0-alpha.1 python/3.8.3 Darwin/18.7.0
    method: PUT
    uri: https://test.okta.com/api/v1/apps/0oaotir4dna1RsdMz4x6/groups/00gotiq72uVPk94XC4x6
  response:
    body:
      string: '{"id":"00gotiq72uVPk94XC4x6","lastUpdated":"2020-08-06T13:31:13.000Z","priority":0,"profile":{},"_links":{"app":{"href":"https://test.okta.com/api/v1/apps/0oaotir4dna1RsdMz4x6"},"self":{"href":"https://test.okta.com/api/v1/apps/0oaotir4dna1RsdMz4x6/groups/00gotiq72uVPk94XC4x6"},"group":{"href":"https://test.okta.com/api/v1/groups/00gotiq72uVPk94XC4x6"}}}'
    headers:
      Connection: keep-alive
      Content-Encoding: gzip
      Content-Type: application/json;charset=UTF-8
      Date: Thu, 06 Aug 2020 13:31:13 GMT
      Public-Key-Pins-Report-Only: pin-sha256="r5EfzZxQVvQpKo3AgYRaT7X2bDO/kj3ACwmxfdT2zt8=";
        pin-sha256="MaqlcUgk2mvY/RFSGeSwBRkI+rZ6/dxe/DuQfBT/vnQ="; pin-sha256="72G5IEvDEWn+EThf3qjR7/bQSWaS2ZSLqolhnO6iyJI=";
        pin-sha256="rrV6CLCCvqnk89gWibYT0JO6fNQ8cCit7GGoiVTjCOg="; max-age=60; report-uri="https://okta.report-uri.com/r/default/hpkp/reportOnly"
      Server: nginx
      Strict-Transport-Security: max-age=315360000; includeSubDomains
      Transfer-Encoding: chunked
      Vary: Accept-Encoding
      cache-control: no-cache, no-store
      content-security-policy-report-only: 'default-src ''self'' *.oktacdn.com test.okta.com;
        connect-src ''self'' *.oktacdn.com *.mixpanel.com *.mapbox.com app.pendo.io
        data.pendo.io pendo-static-5634101834153984.storage.googleapis.com test.okta.com
        test-admin.okta.com https://oinmanager.okta.com data:; script-src ''unsafe-inline''
        ''unsafe-eval'' ''self'' *.oktacdn.com; style-src ''unsafe-inline'' ''self''
        *.oktacdn.com app.pendo.io cdn.pendo.io pendo-static-5634101834153984.storage.googleapis.com;
        frame-src ''self'' login.okta.com test.okta.com test-admin.okta.com; img-src
        ''self'' *.oktacdn.com test.okta.com *.tiles.mapbox.com *.mapbox.com app.pendo.io
        data.pendo.io cdn.pendo.io pendo-static-5634101834153984.storage.googleapis.com
        data: blob:; font-src data: ''self'' *.oktacdn.com fonts.gstatic.com; report-uri
        https://okta.report-uri.com/r/d/csp/reportOnly; report-to csp-report'
      expires: '0'
      p3p: CP="HONK"
      pragma: no-cache
      report-to: '{"group":"csp-report","max_age":31536000,"endpoints":[{"url":"https://okta.report-uri.com/r/d/csp/reportOnly"}],"include_subdomains":true}'
      set-cookie: JSESSIONID=E340CC09BE16F91B8FD42A95CCF5CACC; Path=/; Secure; HttpOnly
      x-content-type-options: nosniff
      x-okta-request-id: XywGIQ70y2GOUxnqjRt9HwAABQ8
      x-rate-limit-limit: '100'
      x-rate-limit-remaining: '97'
      x-rate-limit-reset: '1596720679'
      x-xss-protection: 1; mode=block; report=https://okta.report-uri.com/r/d/xss/enforce
    status:
      code: 200
      message: OK
    url: https://test.okta.com/api/v1/apps/0oaotir4dna1RsdMz4x6/groups/00gotiq72uVPk94XC4x6
- request:
    body: null
    headers:
      Accept:
      - application/json
      Authorization:
      - SSWS myAPIToken
      Content-Type:
      - application/json
      User-Agent:
      - okta-sdk-python/1.0.0-alpha.1 python/3.8.3 Darwin/18.7.0
    method: GET
    uri: https://test.okta.com/api/v1/groups/00gotiq72uVPk94XC4x6/apps
  response:
    body:
      string: '[{"id":"0oaotir4dna1RsdMz4x6","name":"template_swa","label":"Test Assigned-Applications","status":"ACTIVE","lastUpdated":"2020-08-06T13:31:13.000Z","created":"2020-08-06T13:31:12.000Z","accessibility":{"selfService":false,"errorRedirectUrl":null,"loginRedirectUrl":null},"visibility":{"autoSubmitToolbar":false,"hide":{"iOS":false,"web":false},"appLinks":{"login":true}},"features":[],"signOnMode":"BROWSER_PLUGIN","credentials":{"scheme":"EDIT_USERNAME_AND_PASSWORD","userNameTemplate":{"template":"${source.login}","type":"BUILT_IN"},"revealPassword":false,"signing":{}},"settings":{"app":{"loginUrlRegex":"^https://example.com/login.html$","usernameField":"txt-box-username","redirectUrl":null,"buttonField":"btn-login","checkbox":null,"passwordField":"txt-box-password","url":"https://example.com/login.html"},"notifications":{"vpn":{"network":{"connection":"DISABLED"},"message":null,"helpUrl":null}}},"_links":{"appLinks":[{"name":"login","href":"https://test.okta.com/home/template_swa/0oaotir4dna1RsdMz4x6/2357","type":"text/html"}],"groups":{"href":"https://test.okta.com/api/v1/apps/0oaotir4dna1RsdMz4x6/groups"},"logo":[{"name":"medium","href":"https://ok11static.oktacdn.com/fs/bcg/4/gfsk2o62502C8ZqRL4x5","type":"image/png"}],"users":{"href":"https://test.okta.com/api/v1/apps/0oaotir4dna1RsdMz4x6/users"},"deactivate":{"href":"https://test.okta.com/api/v1/apps/0oaotir4dna1RsdMz4x6/lifecycle/deactivate"}}}]'
    headers:
      Connection: close
      Content-Encoding: gzip
      Content-Type: application/json;charset=UTF-8
      Date: Thu, 06 Aug 2020 13:31:16 GMT
      Public-Key-Pins-Report-Only: pin-sha256="r5EfzZxQVvQpKo3AgYRaT7X2bDO/kj3ACwmxfdT2zt8=";
        pin-sha256="MaqlcUgk2mvY/RFSGeSwBRkI+rZ6/dxe/DuQfBT/vnQ="; pin-sha256="72G5IEvDEWn+EThf3qjR7/bQSWaS2ZSLqolhnO6iyJI=";
        pin-sha256="rrV6CLCCvqnk89gWibYT0JO6fNQ8cCit7GGoiVTjCOg="; max-age=60; report-uri="https://okta.report-uri.com/r/default/hpkp/reportOnly"
      Server: nginx
      Strict-Transport-Security: max-age=315360000; includeSubDomains
      Transfer-Encoding: chunked
      Vary: Accept-Encoding
      cache-control: no-cache, no-store
      content-security-policy-report-only: 'default-src ''self'' *.oktacdn.com test.okta.com;
        connect-src ''self'' *.oktacdn.com *.mixpanel.com *.mapbox.com app.pendo.io
        data.pendo.io pendo-static-5634101834153984.storage.googleapis.com test.okta.com
        test-admin.okta.com https://oinmanager.okta.com data:; script-src ''unsafe-inline''
        ''unsafe-eval'' ''self'' *.oktacdn.com; style-src ''unsafe-inline'' ''self''
        *.oktacdn.com app.pendo.io cdn.pendo.io pendo-static-5634101834153984.storage.googleapis.com;
        frame-src ''self'' login.okta.com test.okta.com test-admin.okta.com; img-src
        ''self'' *.oktacdn.com test.okta.com *.tiles.mapbox.com *.mapbox.com app.pendo.io
        data.pendo.io cdn.pendo.io pendo-static-5634101834153984.storage.googleapis.com
        data: blob:; font-src data: ''self'' *.oktacdn.com fonts.gstatic.com; report-uri
        https://okta.report-uri.com/r/d/csp/reportOnly; report-to csp-report'
      expires: '0'
      link: <https://test.okta.com/api/v1/groups/00gotiq72uVPk94XC4x6/apps?limit=20>;
        rel="self"
      p3p: CP="HONK"
      pragma: no-cache
      report-to: '{"group":"csp-report","max_age":31536000,"endpoints":[{"url":"https://okta.report-uri.com/r/d/csp/reportOnly"}],"include_subdomains":true}'
      set-cookie: JSESSIONID=5BC06D20E68C07B476FD93F5BB35D8D4; Path=/; Secure; HttpOnly
      x-content-type-options: nosniff
      x-okta-request-id: XywGJN4Ov5sQSVBJN636wQAABZs
      x-rate-limit-limit: '500'
      x-rate-limit-remaining: '498'
      x-rate-limit-reset: '1596720732'
      x-xss-protection: 1; mode=block; report=https://okta.report-uri.com/r/d/xss/enforce
    status:
      code: 200
      message: OK
    url: https://test.okta.com/api/v1/groups/00gotiq72uVPk94XC4x6/apps
- request:
    body: null
    headers:
      Accept:
      - application/json
      Authorization:
      - SSWS myAPIToken
      Content-Type:
      - application/json
      User-Agent:
      - okta-sdk-python/1.0.0-alpha.1 python/3.8.3 Darwin/18.7.0
    method: POST
    uri: https://test.okta.com/api/v1/apps/0oaotir4dna1RsdMz4x6/lifecycle/deactivate
  response:
    body:
      string: '{}'
    headers:
      Connection: keep-alive
      Content-Encoding: gzip
      Content-Type: application/json;charset=UTF-8
      Date: Thu, 06 Aug 2020 13:31:16 GMT
      Public-Key-Pins-Report-Only: pin-sha256="r5EfzZxQVvQpKo3AgYRaT7X2bDO/kj3ACwmxfdT2zt8=";
        pin-sha256="MaqlcUgk2mvY/RFSGeSwBRkI+rZ6/dxe/DuQfBT/vnQ="; pin-sha256="72G5IEvDEWn+EThf3qjR7/bQSWaS2ZSLqolhnO6iyJI=";
        pin-sha256="rrV6CLCCvqnk89gWibYT0JO6fNQ8cCit7GGoiVTjCOg="; max-age=60; report-uri="https://okta.report-uri.com/r/default/hpkp/reportOnly"
      Server: nginx
      Strict-Transport-Security: max-age=315360000; includeSubDomains
      Transfer-Encoding: chunked
      Vary: Accept-Encoding
      cache-control: no-cache, no-store
      content-security-policy-report-only: 'default-src ''self'' *.oktacdn.com test.okta.com;
        connect-src ''self'' *.oktacdn.com *.mixpanel.com *.mapbox.com app.pendo.io
        data.pendo.io pendo-static-5634101834153984.storage.googleapis.com test.okta.com
        test-admin.okta.com https://oinmanager.okta.com data:; script-src ''unsafe-inline''
        ''unsafe-eval'' ''self'' *.oktacdn.com; style-src ''unsafe-inline'' ''self''
        *.oktacdn.com app.pendo.io cdn.pendo.io pendo-static-5634101834153984.storage.googleapis.com;
        frame-src ''self'' login.okta.com test.okta.com test-admin.okta.com; img-src
        ''self'' *.oktacdn.com test.okta.com *.tiles.mapbox.com *.mapbox.com app.pendo.io
        data.pendo.io cdn.pendo.io pendo-static-5634101834153984.storage.googleapis.com
        data: blob:; font-src data: ''self'' *.oktacdn.com fonts.gstatic.com; report-uri
        https://okta.report-uri.com/r/d/csp/reportOnly; report-to csp-report'
      expires: '0'
      p3p: CP="HONK"
      pragma: no-cache
      report-to: '{"group":"csp-report","max_age":31536000,"endpoints":[{"url":"https://okta.report-uri.com/r/d/csp/reportOnly"}],"include_subdomains":true}'
      set-cookie: JSESSIONID=E691E32E32A7301552B92FFF2B17EDB5; Path=/; Secure; HttpOnly
      x-content-type-options: nosniff
      x-okta-request-id: XywGJM34nJ4C3uS6zOinWwAABAk
      x-rate-limit-limit: '100'
      x-rate-limit-remaining: '96'
      x-rate-limit-reset: '1596720679'
      x-xss-protection: 1; mode=block; report=https://okta.report-uri.com/r/d/xss/enforce
    status:
      code: 200
      message: OK
    url: https://test.okta.com/api/v1/apps/0oaotir4dna1RsdMz4x6/lifecycle/deactivate
- request:
    body: null
    headers:
      Accept:
      - application/json
      Authorization:
      - SSWS myAPIToken
      Content-Type:
      - application/json
      User-Agent:
      - okta-sdk-python/1.0.0-alpha.1 python/3.8.3 Darwin/18.7.0
    method: DELETE
    uri: https://test.okta.com/api/v1/apps/0oaotir4dna1RsdMz4x6
  response:
    body:
      string: ''
    headers:
      Connection: keep-alive
      Date: Thu, 06 Aug 2020 13:31:17 GMT
      Public-Key-Pins-Report-Only: pin-sha256="r5EfzZxQVvQpKo3AgYRaT7X2bDO/kj3ACwmxfdT2zt8=";
        pin-sha256="MaqlcUgk2mvY/RFSGeSwBRkI+rZ6/dxe/DuQfBT/vnQ="; pin-sha256="72G5IEvDEWn+EThf3qjR7/bQSWaS2ZSLqolhnO6iyJI=";
        pin-sha256="rrV6CLCCvqnk89gWibYT0JO6fNQ8cCit7GGoiVTjCOg="; max-age=60; report-uri="https://okta.report-uri.com/r/default/hpkp/reportOnly"
      Server: nginx
      Strict-Transport-Security: max-age=315360000; includeSubDomains
      cache-control: no-cache, no-store
      content-security-policy-report-only: 'default-src ''self'' *.oktacdn.com test.okta.com;
        connect-src ''self'' *.oktacdn.com *.mixpanel.com *.mapbox.com app.pendo.io
        data.pendo.io pendo-static-5634101834153984.storage.googleapis.com test.okta.com
        test-admin.okta.com https://oinmanager.okta.com data:; script-src ''unsafe-inline''
        ''unsafe-eval'' ''self'' *.oktacdn.com; style-src ''unsafe-inline'' ''self''
        *.oktacdn.com app.pendo.io cdn.pendo.io pendo-static-5634101834153984.storage.googleapis.com;
        frame-src ''self'' login.okta.com test.okta.com test-admin.okta.com; img-src
        ''self'' *.oktacdn.com test.okta.com *.tiles.mapbox.com *.mapbox.com app.pendo.io
        data.pendo.io cdn.pendo.io pendo-static-5634101834153984.storage.googleapis.com
        data: blob:; font-src data: ''self'' *.oktacdn.com fonts.gstatic.com; report-uri
        https://okta.report-uri.com/r/d/csp/reportOnly; report-to csp-report'
      expires: '0'
      p3p: CP="HONK"
      pragma: no-cache
      report-to: '{"group":"csp-report","max_age":31536000,"endpoints":[{"url":"https://okta.report-uri.com/r/d/csp/reportOnly"}],"include_subdomains":true}'
      set-cookie: JSESSIONID=E71D387DAF12DDAB834217618DC8E5D0; Path=/; Secure; HttpOnly
      x-frame-options: SAMEORIGIN
      x-okta-request-id: XywGJKsvVzC6FaDgPXsxTAAAAm0
      x-rate-limit-limit: '500'
      x-rate-limit-remaining: '498'
      x-rate-limit-reset: '1596720682'
      x-xss-protection: 1; mode=block; report=https://okta.report-uri.com/r/d/xss/enforce
    status:
      code: 204
      message: No Content
    url: https://test.okta.com/api/v1/apps/0oaotir4dna1RsdMz4x6
- request:
    body: null
    headers:
      Accept:
      - application/json
      Authorization:
      - SSWS myAPIToken
      Content-Type:
      - application/json
      User-Agent:
      - okta-sdk-python/1.0.0-alpha.1 python/3.8.3 Darwin/18.7.0
    method: DELETE
    uri: https://test.okta.com/api/v1/groups/00gotiq72uVPk94XC4x6
  response:
    body:
      string: ''
    headers:
      Connection: keep-alive
      Date: Thu, 06 Aug 2020 13:31:17 GMT
      Public-Key-Pins-Report-Only: pin-sha256="r5EfzZxQVvQpKo3AgYRaT7X2bDO/kj3ACwmxfdT2zt8=";
        pin-sha256="MaqlcUgk2mvY/RFSGeSwBRkI+rZ6/dxe/DuQfBT/vnQ="; pin-sha256="72G5IEvDEWn+EThf3qjR7/bQSWaS2ZSLqolhnO6iyJI=";
        pin-sha256="rrV6CLCCvqnk89gWibYT0JO6fNQ8cCit7GGoiVTjCOg="; max-age=60; report-uri="https://okta.report-uri.com/r/default/hpkp/reportOnly"
      Server: nginx
      Strict-Transport-Security: max-age=315360000; includeSubDomains
      cache-control: no-cache, no-store
      content-security-policy-report-only: 'default-src ''self'' *.oktacdn.com test.okta.com;
        connect-src ''self'' *.oktacdn.com *.mixpanel.com *.mapbox.com app.pendo.io
        data.pendo.io pendo-static-5634101834153984.storage.googleapis.com test.okta.com
        test-admin.okta.com https://oinmanager.okta.com data:; script-src ''unsafe-inline''
        ''unsafe-eval'' ''self'' *.oktacdn.com; style-src ''unsafe-inline'' ''self''
        *.oktacdn.com app.pendo.io cdn.pendo.io pendo-static-5634101834153984.storage.googleapis.com;
        frame-src ''self'' login.okta.com test.okta.com test-admin.okta.com; img-src
        ''self'' *.oktacdn.com test.okta.com *.tiles.mapbox.com *.mapbox.com app.pendo.io
        data.pendo.io cdn.pendo.io pendo-static-5634101834153984.storage.googleapis.com
        data: blob:; font-src data: ''self'' *.oktacdn.com fonts.gstatic.com; report-uri
        https://okta.report-uri.com/r/d/csp/reportOnly; report-to csp-report'
      expires: '0'
      p3p: CP="HONK"
      pragma: no-cache
      report-to: '{"group":"csp-report","max_age":31536000,"endpoints":[{"url":"https://okta.report-uri.com/r/d/csp/reportOnly"}],"include_subdomains":true}'
      set-cookie: JSESSIONID=1D06B3196AFD4A6DCD1A8E3AD9F811DA; Path=/; Secure; HttpOnly
      x-frame-options: SAMEORIGIN
      x-okta-request-id: XywGJZ@uz0vmwTLNYnJCNAAAAeE
      x-rate-limit-limit: '1000'
      x-rate-limit-remaining: '999'
      x-rate-limit-reset: '1596720737'
      x-xss-protection: 1; mode=block; report=https://okta.report-uri.com/r/d/xss/enforce
    status:
      code: 204
      message: No Content
    url: https://test.okta.com/api/v1/groups/00gotiq72uVPk94XC4x6
version: 1
