interactions:
- request:
    body: null
    headers:
      Accept:
      - application/json
      Authorization:
      - SSWS myAPIToken
      Content-Type:
      - application/json
      User-Agent:
      - okta-sdk-python/1.0.0-alpha.1 python/3.8.3 Darwin/18.7.0
    method: POST
    uri: https://test.okta.com/api/v1/trustedOrigins
  response:
    body:
      string: '{"id":"tospyszd5kxBJOWYl4x6","name":"python_sdk_test_TO","origin":"http://example.com","scopes":[{"type":"CORS"},{"type":"REDIRECT"}],"status":"ACTIVE","created":"2020-08-13T17:55:10.000Z","createdBy":"00uc04qdrQsSHjsDO4x6","lastUpdated":"2020-08-13T17:55:10.000Z","lastUpdatedBy":"00uc04qdrQsSHjsDO4x6","_links":{"self":{"href":"https://test.okta.com/api/v1/trustedOrigins/tospyszd5kxBJOWYl4x6","hints":{"allow":["GET","PUT","DELETE"]}},"deactivate":{"href":"https://test.okta.com/api/v1/trustedOrigins/tospyszd5kxBJOWYl4x6/lifecycle/deactivate","hints":{"allow":["POST"]}}}}'
    headers:
      Connection: keep-alive
      Content-Encoding: gzip
      Content-Type: application/json;charset=UTF-8
      Date: Thu, 13 Aug 2020 17:55:10 GMT
      Public-Key-Pins-Report-Only: pin-sha256="r5EfzZxQVvQpKo3AgYRaT7X2bDO/kj3ACwmxfdT2zt8=";
        pin-sha256="MaqlcUgk2mvY/RFSGeSwBRkI+rZ6/dxe/DuQfBT/vnQ="; pin-sha256="72G5IEvDEWn+EThf3qjR7/bQSWaS2ZSLqolhnO6iyJI=";
        pin-sha256="rrV6CLCCvqnk89gWibYT0JO6fNQ8cCit7GGoiVTjCOg="; max-age=60; report-uri="https://okta.report-uri.com/r/default/hpkp/reportOnly"
      Server: nginx
      Strict-Transport-Security: max-age=315360000; includeSubDomains
      Transfer-Encoding: chunked
      Vary: Accept-Encoding
      cache-control: no-cache, no-store
      content-security-policy-report-only: 'default-src ''self'' *.oktacdn.com test.okta.com;
        connect-src ''self'' *.oktacdn.com *.mixpanel.com *.mapbox.com app.pendo.io
        data.pendo.io pendo-static-5634101834153984.storage.googleapis.com test.okta.com
        test-admin.okta.com https://oinmanager.okta.com data:; script-src ''unsafe-inline''
        ''unsafe-eval'' ''self'' *.oktacdn.com; style-src ''unsafe-inline'' ''self''
        *.oktacdn.com app.pendo.io cdn.pendo.io pendo-static-5634101834153984.storage.googleapis.com;
        frame-src ''self'' login.okta.com test.okta.com test-admin.okta.com; img-src
        ''self'' *.oktacdn.com test.okta.com *.tiles.mapbox.com *.mapbox.com app.pendo.io
        data.pendo.io cdn.pendo.io pendo-static-5634101834153984.storage.googleapis.com
        data: blob:; font-src data: ''self'' *.oktacdn.com fonts.gstatic.com; report-uri
        https://okta.report-uri.com/r/d/csp/reportOnly; report-to csp-report'
      expires: '0'
      p3p: CP="HONK"
      pragma: no-cache
      report-to: '{"group":"csp-report","max_age":31536000,"endpoints":[{"url":"https://okta.report-uri.com/r/d/csp/reportOnly"}],"include_subdomains":true}'
      set-cookie: JSESSIONID=29A71C84DDEB1134555D8ED5750B6635; Path=/; Secure; HttpOnly
      x-content-type-options: nosniff
      x-okta-request-id: XzV@fjKj9QJPKe69iZwVeAAABZQ
      x-rate-limit-limit: '1000'
      x-rate-limit-remaining: '984'
      x-rate-limit-reset: '1597341314'
      x-xss-protection: 1; mode=block; report=https://okta.report-uri.com/r/d/xss/enforce
    status:
      code: 200
      message: OK
    url: https://test.okta.com/api/v1/trustedOrigins
- request:
    body: null
    headers:
      Accept:
      - application/json
      Authorization:
      - SSWS myAPIToken
      Content-Type:
      - application/json
      User-Agent:
      - okta-sdk-python/1.0.0-alpha.1 python/3.8.3 Darwin/18.7.0
    method: GET
    uri: https://test.okta.com/api/v1/trustedOrigins/tospyszd5kxBJOWYl4x6
  response:
    body:
      string: '{"id":"tospyszd5kxBJOWYl4x6","name":"python_sdk_test_TO","origin":"http://example.com","scopes":[{"type":"CORS"},{"type":"REDIRECT"}],"status":"ACTIVE","created":"2020-08-13T17:55:10.000Z","createdBy":"00uc04qdrQsSHjsDO4x6","lastUpdated":"2020-08-13T17:55:10.000Z","lastUpdatedBy":"00uc04qdrQsSHjsDO4x6","_links":{"self":{"href":"https://test.okta.com/api/v1/trustedOrigins/tospyszd5kxBJOWYl4x6","hints":{"allow":["GET","PUT","DELETE"]}},"deactivate":{"href":"https://test.okta.com/api/v1/trustedOrigins/tospyszd5kxBJOWYl4x6/lifecycle/deactivate","hints":{"allow":["POST"]}}}}'
    headers:
      Connection: close
      Content-Encoding: gzip
      Content-Type: application/json;charset=UTF-8
      Date: Thu, 13 Aug 2020 17:55:10 GMT
      Public-Key-Pins-Report-Only: pin-sha256="r5EfzZxQVvQpKo3AgYRaT7X2bDO/kj3ACwmxfdT2zt8=";
        pin-sha256="MaqlcUgk2mvY/RFSGeSwBRkI+rZ6/dxe/DuQfBT/vnQ="; pin-sha256="72G5IEvDEWn+EThf3qjR7/bQSWaS2ZSLqolhnO6iyJI=";
        pin-sha256="rrV6CLCCvqnk89gWibYT0JO6fNQ8cCit7GGoiVTjCOg="; max-age=60; report-uri="https://okta.report-uri.com/r/default/hpkp/reportOnly"
      Server: nginx
      Strict-Transport-Security: max-age=315360000; includeSubDomains
      Transfer-Encoding: chunked
      Vary: Accept-Encoding
      cache-control: no-cache, no-store
      content-security-policy-report-only: 'default-src ''self'' *.oktacdn.com test.okta.com;
        connect-src ''self'' *.oktacdn.com *.mixpanel.com *.mapbox.com app.pendo.io
        data.pendo.io pendo-static-5634101834153984.storage.googleapis.com test.okta.com
        test-admin.okta.com https://oinmanager.okta.com data:; script-src ''unsafe-inline''
        ''unsafe-eval'' ''self'' *.oktacdn.com; style-src ''unsafe-inline'' ''self''
        *.oktacdn.com app.pendo.io cdn.pendo.io pendo-static-5634101834153984.storage.googleapis.com;
        frame-src ''self'' login.okta.com test.okta.com test-admin.okta.com; img-src
        ''self'' *.oktacdn.com test.okta.com *.tiles.mapbox.com *.mapbox.com app.pendo.io
        data.pendo.io cdn.pendo.io pendo-static-5634101834153984.storage.googleapis.com
        data: blob:; font-src data: ''self'' *.oktacdn.com fonts.gstatic.com; report-uri
        https://okta.report-uri.com/r/d/csp/reportOnly; report-to csp-report'
      expires: '0'
      p3p: CP="HONK"
      pragma: no-cache
      report-to: '{"group":"csp-report","max_age":31536000,"endpoints":[{"url":"https://okta.report-uri.com/r/d/csp/reportOnly"}],"include_subdomains":true}'
      set-cookie: JSESSIONID=3E62D79E82FCB69B2DFA736D877B8506; Path=/; Secure; HttpOnly
      x-content-type-options: nosniff
      x-okta-request-id: XzV@fgQNhBF8lqgR511@EQAAAR0
      x-rate-limit-limit: '1000'
      x-rate-limit-remaining: '983'
      x-rate-limit-reset: '1597341314'
      x-xss-protection: 1; mode=block; report=https://okta.report-uri.com/r/d/xss/enforce
    status:
      code: 200
      message: OK
    url: https://test.okta.com/api/v1/trustedOrigins/tospyszd5kxBJOWYl4x6
- request:
    body: null
    headers:
      Accept:
      - application/json
      Authorization:
      - SSWS myAPIToken
      Content-Type:
      - application/json
      User-Agent:
      - okta-sdk-python/1.0.0-alpha.1 python/3.8.3 Darwin/18.7.0
    method: PUT
    uri: https://test.okta.com/api/v1/trustedOrigins/tospyszd5kxBJOWYl4x6
  response:
    body:
      string: '{"id":"tospyszd5kxBJOWYl4x6","name":"python_sdk_test_TO_updated","origin":"http://example.com","scopes":[{"type":"CORS"},{"type":"REDIRECT"}],"status":"ACTIVE","created":"2020-08-13T17:55:10.000Z","createdBy":"00uc04qdrQsSHjsDO4x6","lastUpdated":"2020-08-13T17:55:10.000Z","lastUpdatedBy":"00uc04qdrQsSHjsDO4x6","_links":{"self":{"href":"https://test.okta.com/api/v1/trustedOrigins/tospyszd5kxBJOWYl4x6","hints":{"allow":["GET","PUT","DELETE"]}},"deactivate":{"href":"https://test.okta.com/api/v1/trustedOrigins/tospyszd5kxBJOWYl4x6/lifecycle/deactivate","hints":{"allow":["POST"]}}}}'
    headers:
      Connection: keep-alive
      Content-Encoding: gzip
      Content-Type: application/json;charset=UTF-8
      Date: Thu, 13 Aug 2020 17:55:10 GMT
      Public-Key-Pins-Report-Only: pin-sha256="r5EfzZxQVvQpKo3AgYRaT7X2bDO/kj3ACwmxfdT2zt8=";
        pin-sha256="MaqlcUgk2mvY/RFSGeSwBRkI+rZ6/dxe/DuQfBT/vnQ="; pin-sha256="72G5IEvDEWn+EThf3qjR7/bQSWaS2ZSLqolhnO6iyJI=";
        pin-sha256="rrV6CLCCvqnk89gWibYT0JO6fNQ8cCit7GGoiVTjCOg="; max-age=60; report-uri="https://okta.report-uri.com/r/default/hpkp/reportOnly"
      Server: nginx
      Strict-Transport-Security: max-age=315360000; includeSubDomains
      Transfer-Encoding: chunked
      Vary: Accept-Encoding
      cache-control: no-cache, no-store
      content-security-policy-report-only: 'default-src ''self'' *.oktacdn.com test.okta.com;
        connect-src ''self'' *.oktacdn.com *.mixpanel.com *.mapbox.com app.pendo.io
        data.pendo.io pendo-static-5634101834153984.storage.googleapis.com test.okta.com
        test-admin.okta.com https://oinmanager.okta.com data:; script-src ''unsafe-inline''
        ''unsafe-eval'' ''self'' *.oktacdn.com; style-src ''unsafe-inline'' ''self''
        *.oktacdn.com app.pendo.io cdn.pendo.io pendo-static-5634101834153984.storage.googleapis.com;
        frame-src ''self'' login.okta.com test.okta.com test-admin.okta.com; img-src
        ''self'' *.oktacdn.com test.okta.com *.tiles.mapbox.com *.mapbox.com app.pendo.io
        data.pendo.io cdn.pendo.io pendo-static-5634101834153984.storage.googleapis.com
        data: blob:; font-src data: ''self'' *.oktacdn.com fonts.gstatic.com; report-uri
        https://okta.report-uri.com/r/d/csp/reportOnly; report-to csp-report'
      expires: '0'
      p3p: CP="HONK"
      pragma: no-cache
      report-to: '{"group":"csp-report","max_age":31536000,"endpoints":[{"url":"https://okta.report-uri.com/r/d/csp/reportOnly"}],"include_subdomains":true}'
      set-cookie: JSESSIONID=BE9F25FFB2E7E8D9922F4309570CB609; Path=/; Secure; HttpOnly
      x-content-type-options: nosniff
      x-okta-request-id: XzV@fmKvAOVHT2iSoaO28wAABL4
      x-rate-limit-limit: '1000'
      x-rate-limit-remaining: '982'
      x-rate-limit-reset: '1597341314'
      x-xss-protection: 1; mode=block; report=https://okta.report-uri.com/r/d/xss/enforce
    status:
      code: 200
      message: OK
    url: https://test.okta.com/api/v1/trustedOrigins/tospyszd5kxBJOWYl4x6
- request:
    body: null
    headers:
      Accept:
      - application/json
      Authorization:
      - SSWS myAPIToken
      Content-Type:
      - application/json
      User-Agent:
      - okta-sdk-python/1.0.0-alpha.1 python/3.8.3 Darwin/18.7.0
    method: GET
    uri: https://test.okta.com/api/v1/trustedOrigins/tospyszd5kxBJOWYl4x6
  response:
    body:
      string: '{"id":"tospyszd5kxBJOWYl4x6","name":"python_sdk_test_TO_updated","origin":"http://example.com","scopes":[{"type":"CORS"},{"type":"REDIRECT"}],"status":"ACTIVE","created":"2020-08-13T17:55:10.000Z","createdBy":"00uc04qdrQsSHjsDO4x6","lastUpdated":"2020-08-13T17:55:10.000Z","lastUpdatedBy":"00uc04qdrQsSHjsDO4x6","_links":{"self":{"href":"https://test.okta.com/api/v1/trustedOrigins/tospyszd5kxBJOWYl4x6","hints":{"allow":["GET","PUT","DELETE"]}},"deactivate":{"href":"https://test.okta.com/api/v1/trustedOrigins/tospyszd5kxBJOWYl4x6/lifecycle/deactivate","hints":{"allow":["POST"]}}}}'
    headers:
      Connection: close
      Content-Encoding: gzip
      Content-Type: application/json;charset=UTF-8
      Date: Thu, 13 Aug 2020 17:55:11 GMT
      Public-Key-Pins-Report-Only: pin-sha256="r5EfzZxQVvQpKo3AgYRaT7X2bDO/kj3ACwmxfdT2zt8=";
        pin-sha256="MaqlcUgk2mvY/RFSGeSwBRkI+rZ6/dxe/DuQfBT/vnQ="; pin-sha256="72G5IEvDEWn+EThf3qjR7/bQSWaS2ZSLqolhnO6iyJI=";
        pin-sha256="rrV6CLCCvqnk89gWibYT0JO6fNQ8cCit7GGoiVTjCOg="; max-age=60; report-uri="https://okta.report-uri.com/r/default/hpkp/reportOnly"
      Server: nginx
      Strict-Transport-Security: max-age=315360000; includeSubDomains
      Transfer-Encoding: chunked
      Vary: Accept-Encoding
      cache-control: no-cache, no-store
      content-security-policy-report-only: 'default-src ''self'' *.oktacdn.com test.okta.com;
        connect-src ''self'' *.oktacdn.com *.mixpanel.com *.mapbox.com app.pendo.io
        data.pendo.io pendo-static-5634101834153984.storage.googleapis.com test.okta.com
        test-admin.okta.com https://oinmanager.okta.com data:; script-src ''unsafe-inline''
        ''unsafe-eval'' ''self'' *.oktacdn.com; style-src ''unsafe-inline'' ''self''
        *.oktacdn.com app.pendo.io cdn.pendo.io pendo-static-5634101834153984.storage.googleapis.com;
        frame-src ''self'' login.okta.com test.okta.com test-admin.okta.com; img-src
        ''self'' *.oktacdn.com test.okta.com *.tiles.mapbox.com *.mapbox.com app.pendo.io
        data.pendo.io cdn.pendo.io pendo-static-5634101834153984.storage.googleapis.com
        data: blob:; font-src data: ''self'' *.oktacdn.com fonts.gstatic.com; report-uri
        https://okta.report-uri.com/r/d/csp/reportOnly; report-to csp-report'
      expires: '0'
      p3p: CP="HONK"
      pragma: no-cache
      report-to: '{"group":"csp-report","max_age":31536000,"endpoints":[{"url":"https://okta.report-uri.com/r/d/csp/reportOnly"}],"include_subdomains":true}'
      set-cookie: JSESSIONID=3AE06A82CF33A4BE739D7C42955DE051; Path=/; Secure; HttpOnly
      x-content-type-options: nosniff
      x-okta-request-id: XzV@f5zw3Z5oRU0l4yhVxAAAA-g
      x-rate-limit-limit: '1000'
      x-rate-limit-remaining: '981'
      x-rate-limit-reset: '1597341314'
      x-xss-protection: 1; mode=block; report=https://okta.report-uri.com/r/d/xss/enforce
    status:
      code: 200
      message: OK
    url: https://test.okta.com/api/v1/trustedOrigins/tospyszd5kxBJOWYl4x6
- request:
    body: null
    headers:
      Accept:
      - application/json
      Authorization:
      - SSWS myAPIToken
      Content-Type:
      - application/json
      User-Agent:
      - okta-sdk-python/1.0.0-alpha.1 python/3.8.3 Darwin/18.7.0
    method: DELETE
    uri: https://test.okta.com/api/v1/trustedOrigins/tospyszd5kxBJOWYl4x6
  response:
    body:
      string: ''
    headers:
      Connection: keep-alive
      Date: Thu, 13 Aug 2020 17:55:11 GMT
      Public-Key-Pins-Report-Only: pin-sha256="r5EfzZxQVvQpKo3AgYRaT7X2bDO/kj3ACwmxfdT2zt8=";
        pin-sha256="MaqlcUgk2mvY/RFSGeSwBRkI+rZ6/dxe/DuQfBT/vnQ="; pin-sha256="72G5IEvDEWn+EThf3qjR7/bQSWaS2ZSLqolhnO6iyJI=";
        pin-sha256="rrV6CLCCvqnk89gWibYT0JO6fNQ8cCit7GGoiVTjCOg="; max-age=60; report-uri="https://okta.report-uri.com/r/default/hpkp/reportOnly"
      Server: nginx
      Strict-Transport-Security: max-age=315360000; includeSubDomains
      cache-control: no-cache, no-store
      content-security-policy-report-only: 'default-src ''self'' *.oktacdn.com test.okta.com;
        connect-src ''self'' *.oktacdn.com *.mixpanel.com *.mapbox.com app.pendo.io
        data.pendo.io pendo-static-5634101834153984.storage.googleapis.com test.okta.com
        test-admin.okta.com https://oinmanager.okta.com data:; script-src ''unsafe-inline''
        ''unsafe-eval'' ''self'' *.oktacdn.com; style-src ''unsafe-inline'' ''self''
        *.oktacdn.com app.pendo.io cdn.pendo.io pendo-static-5634101834153984.storage.googleapis.com;
        frame-src ''self'' login.okta.com test.okta.com test-admin.okta.com; img-src
        ''self'' *.oktacdn.com test.okta.com *.tiles.mapbox.com *.mapbox.com app.pendo.io
        data.pendo.io cdn.pendo.io pendo-static-5634101834153984.storage.googleapis.com
        data: blob:; font-src data: ''self'' *.oktacdn.com fonts.gstatic.com; report-uri
        https://okta.report-uri.com/r/d/csp/reportOnly; report-to csp-report'
      expires: '0'
      p3p: CP="HONK"
      pragma: no-cache
      report-to: '{"group":"csp-report","max_age":31536000,"endpoints":[{"url":"https://okta.report-uri.com/r/d/csp/reportOnly"}],"include_subdomains":true}'
      set-cookie: JSESSIONID=4A6DD58BCE1783D4EE1A1BBBBC893037; Path=/; Secure; HttpOnly
      x-frame-options: SAMEORIGIN
      x-okta-request-id: XzV@f-Utot0sUEdcLQiRPQAABcI
      x-rate-limit-limit: '1000'
      x-rate-limit-remaining: '980'
      x-rate-limit-reset: '1597341314'
      x-xss-protection: 1; mode=block; report=https://okta.report-uri.com/r/d/xss/enforce
    status:
      code: 204
      message: No Content
    url: https://test.okta.com/api/v1/trustedOrigins/tospyszd5kxBJOWYl4x6
version: 1
