interactions:
- request:
    body: null
    headers:
      Accept:
      - application/json
      Authorization:
      - SSWS myAPIToken
      Content-Type:
      - application/json
      User-Agent:
      - okta-sdk-python/1.0.0-alpha.1 python/3.8.3 Darwin/18.7.0
    method: POST
    uri: https://test.okta.com/api/v1/apps
  response:
    body:
      string: '{"id":"0oaptkzlncVfLwbUi4x6","name":"bookmark","label":"AddBookmarkApp","status":"ACTIVE","lastUpdated":"2020-08-12T18:59:14.000Z","created":"2020-08-12T18:59:14.000Z","accessibility":{"selfService":false,"errorRedirectUrl":null,"loginRedirectUrl":null},"visibility":{"autoSubmitToolbar":false,"hide":{"iOS":false,"web":false},"appLinks":{"login":true}},"features":[],"signOnMode":"BOOKMARK","credentials":{"userNameTemplate":{"template":"${source.login}","type":"BUILT_IN"},"signing":{}},"settings":{"app":{"requestIntegration":false,"url":"https://example.com/bookmark.htm"},"notifications":{"vpn":{"network":{"connection":"DISABLED"},"message":null,"helpUrl":null}}},"_links":{"appLinks":[{"name":"login","href":"https://test.okta.com/home/bookmark/0oaptkzlncVfLwbUi4x6/2557","type":"text/html"}],"groups":{"href":"https://test.okta.com/api/v1/apps/0oaptkzlncVfLwbUi4x6/groups"},"logo":[{"name":"medium","href":"https://ok11static.oktacdn.com/assets/img/logos/bookmark-app.b81c03e2607468e5b5f9c9351c99313e.png","type":"image/png"}],"users":{"href":"https://test.okta.com/api/v1/apps/0oaptkzlncVfLwbUi4x6/users"},"deactivate":{"href":"https://test.okta.com/api/v1/apps/0oaptkzlncVfLwbUi4x6/lifecycle/deactivate"}}}'
    headers:
      Connection: keep-alive
      Content-Encoding: gzip
      Content-Type: application/json;charset=UTF-8
      Date: Wed, 12 Aug 2020 18:59:14 GMT
      Public-Key-Pins-Report-Only: pin-sha256="r5EfzZxQVvQpKo3AgYRaT7X2bDO/kj3ACwmxfdT2zt8=";
        pin-sha256="MaqlcUgk2mvY/RFSGeSwBRkI+rZ6/dxe/DuQfBT/vnQ="; pin-sha256="72G5IEvDEWn+EThf3qjR7/bQSWaS2ZSLqolhnO6iyJI=";
        pin-sha256="rrV6CLCCvqnk89gWibYT0JO6fNQ8cCit7GGoiVTjCOg="; max-age=60; report-uri="https://okta.report-uri.com/r/default/hpkp/reportOnly"
      Server: nginx
      Strict-Transport-Security: max-age=315360000; includeSubDomains
      Transfer-Encoding: chunked
      Vary: Accept-Encoding
      cache-control: no-cache, no-store
      content-security-policy-report-only: 'default-src ''self'' *.oktacdn.com test.okta.com;
        connect-src ''self'' *.oktacdn.com *.mixpanel.com *.mapbox.com app.pendo.io
        data.pendo.io pendo-static-5634101834153984.storage.googleapis.com test.okta.com
        test-admin.okta.com https://oinmanager.okta.com data:; script-src ''unsafe-inline''
        ''unsafe-eval'' ''self'' *.oktacdn.com; style-src ''unsafe-inline'' ''self''
        *.oktacdn.com app.pendo.io cdn.pendo.io pendo-static-5634101834153984.storage.googleapis.com;
        frame-src ''self'' login.okta.com test.okta.com test-admin.okta.com; img-src
        ''self'' *.oktacdn.com test.okta.com *.tiles.mapbox.com *.mapbox.com app.pendo.io
        data.pendo.io cdn.pendo.io pendo-static-5634101834153984.storage.googleapis.com
        data: blob:; font-src data: ''self'' *.oktacdn.com fonts.gstatic.com; report-uri
        https://okta.report-uri.com/r/d/csp/reportOnly; report-to csp-report'
      expires: '0'
      p3p: CP="HONK"
      pragma: no-cache
      report-to: '{"group":"csp-report","max_age":31536000,"endpoints":[{"url":"https://okta.report-uri.com/r/d/csp/reportOnly"}],"include_subdomains":true}'
      set-cookie: JSESSIONID=E555CE64BEE45CB4621677D5476BEDDC; Path=/; Secure; HttpOnly
      x-content-type-options: nosniff
      x-okta-request-id: XzQ8AsMCYhgX8pCoTOMkeAAAB20
      x-rate-limit-limit: '100'
      x-rate-limit-remaining: '99'
      x-rate-limit-reset: '1597258814'
      x-xss-protection: 1; mode=block; report=https://okta.report-uri.com/r/d/xss/enforce
    status:
      code: 200
      message: OK
    url: https://test.okta.com/api/v1/apps
- request:
    body: null
    headers:
      Accept:
      - application/json
      Authorization:
      - SSWS myAPIToken
      Content-Type:
      - application/json
      User-Agent:
      - okta-sdk-python/1.0.0-alpha.1 python/3.8.3 Darwin/18.7.0
    method: POST
    uri: https://test.okta.com/api/v1/users/?activate=True
  response:
    body:
      string: '{"id":"00uptmq03l3ID0hdM4x6","status":"ACTIVE","created":"2020-08-12T18:59:14.000Z","activated":"2020-08-12T18:59:15.000Z","statusChanged":"2020-08-12T18:59:15.000Z","lastLogin":null,"lastUpdated":"2020-08-12T18:59:15.000Z","passwordChanged":"2020-08-12T18:59:15.000Z","type":{"id":"otyc04qb2rUDcq2YA4x6"},"profile":{"firstName":"John","lastName":"Doe-Get","mobilePhone":null,"secondEmail":null,"login":"John.Doe-Get@example.com","email":"John.Doe-Get@example.com"},"credentials":{"password":{},"emails":[{"value":"John.Doe-Get@example.com","status":"VERIFIED","type":"PRIMARY"}],"provider":{"type":"OKTA","name":"OKTA"}},"_links":{"suspend":{"href":"https://test.okta.com/api/v1/users/00uptmq03l3ID0hdM4x6/lifecycle/suspend","method":"POST"},"schema":{"href":"https://test.okta.com/api/v1/meta/schemas/user/oscc04qb2rUDcq2YA4x6"},"resetPassword":{"href":"https://test.okta.com/api/v1/users/00uptmq03l3ID0hdM4x6/lifecycle/reset_password","method":"POST"},"expirePassword":{"href":"https://test.okta.com/api/v1/users/00uptmq03l3ID0hdM4x6/lifecycle/expire_password","method":"POST"},"changeRecoveryQuestion":{"href":"https://test.okta.com/api/v1/users/00uptmq03l3ID0hdM4x6/credentials/change_recovery_question","method":"POST"},"self":{"href":"https://test.okta.com/api/v1/users/00uptmq03l3ID0hdM4x6"},"type":{"href":"https://test.okta.com/api/v1/meta/types/user/otyc04qb2rUDcq2YA4x6"},"changePassword":{"href":"https://test.okta.com/api/v1/users/00uptmq03l3ID0hdM4x6/credentials/change_password","method":"POST"},"deactivate":{"href":"https://test.okta.com/api/v1/users/00uptmq03l3ID0hdM4x6/lifecycle/deactivate","method":"POST"}}}'
    headers:
      Connection: keep-alive
      Content-Encoding: gzip
      Content-Type: application/json;charset=UTF-8
      Date: Wed, 12 Aug 2020 18:59:15 GMT
      Public-Key-Pins-Report-Only: pin-sha256="r5EfzZxQVvQpKo3AgYRaT7X2bDO/kj3ACwmxfdT2zt8=";
        pin-sha256="MaqlcUgk2mvY/RFSGeSwBRkI+rZ6/dxe/DuQfBT/vnQ="; pin-sha256="72G5IEvDEWn+EThf3qjR7/bQSWaS2ZSLqolhnO6iyJI=";
        pin-sha256="rrV6CLCCvqnk89gWibYT0JO6fNQ8cCit7GGoiVTjCOg="; max-age=60; report-uri="https://okta.report-uri.com/r/default/hpkp/reportOnly"
      Server: nginx
      Strict-Transport-Security: max-age=315360000; includeSubDomains
      Transfer-Encoding: chunked
      Vary: Accept-Encoding
      cache-control: no-cache, no-store
      content-security-policy-report-only: 'default-src ''self'' *.oktacdn.com test.okta.com;
        connect-src ''self'' *.oktacdn.com *.mixpanel.com *.mapbox.com app.pendo.io
        data.pendo.io pendo-static-5634101834153984.storage.googleapis.com test.okta.com
        test-admin.okta.com https://oinmanager.okta.com data:; script-src ''unsafe-inline''
        ''unsafe-eval'' ''self'' *.oktacdn.com; style-src ''unsafe-inline'' ''self''
        *.oktacdn.com app.pendo.io cdn.pendo.io pendo-static-5634101834153984.storage.googleapis.com;
        frame-src ''self'' login.okta.com test.okta.com test-admin.okta.com; img-src
        ''self'' *.oktacdn.com test.okta.com *.tiles.mapbox.com *.mapbox.com app.pendo.io
        data.pendo.io cdn.pendo.io pendo-static-5634101834153984.storage.googleapis.com
        data: blob:; font-src data: ''self'' *.oktacdn.com fonts.gstatic.com; report-uri
        https://okta.report-uri.com/r/d/csp/reportOnly; report-to csp-report'
      expires: '0'
      p3p: CP="HONK"
      pragma: no-cache
      report-to: '{"group":"csp-report","max_age":31536000,"endpoints":[{"url":"https://okta.report-uri.com/r/d/csp/reportOnly"}],"include_subdomains":true}'
      set-cookie: JSESSIONID=139F5D083195A36915C6801F828F2A3B; Path=/; Secure; HttpOnly
      x-content-type-options: nosniff
      x-okta-request-id: XzQ8AtIl-QhafEkA0hp7bgAAA1s
      x-rate-limit-limit: '600'
      x-rate-limit-remaining: '599'
      x-rate-limit-reset: '1597258814'
      x-xss-protection: 1; mode=block; report=https://okta.report-uri.com/r/d/xss/enforce
    status:
      code: 200
      message: OK
    url: https://test.okta.com/api/v1/users/?activate=True
- request:
    body: null
    headers:
      Accept:
      - application/json
      Authorization:
      - SSWS myAPIToken
      Content-Type:
      - application/json
      User-Agent:
      - okta-sdk-python/1.0.0-alpha.1 python/3.8.3 Darwin/18.7.0
    method: POST
    uri: https://test.okta.com/api/v1/users/?activate=True
  response:
    body:
      string: '{"id":"00uptlvciXKlV5OZJ4x6","status":"ACTIVE","created":"2020-08-12T18:59:15.000Z","activated":"2020-08-12T18:59:15.000Z","statusChanged":"2020-08-12T18:59:15.000Z","lastLogin":null,"lastUpdated":"2020-08-12T18:59:15.000Z","passwordChanged":"2020-08-12T18:59:15.000Z","type":{"id":"otyc04qb2rUDcq2YA4x6"},"profile":{"firstName":"John","lastName":"Doe-List","mobilePhone":null,"secondEmail":null,"login":"John.Doe-List@example.com","email":"John.Doe-List@example.com"},"credentials":{"password":{},"emails":[{"value":"John.Doe-List@example.com","status":"VERIFIED","type":"PRIMARY"}],"provider":{"type":"OKTA","name":"OKTA"}},"_links":{"suspend":{"href":"https://test.okta.com/api/v1/users/00uptlvciXKlV5OZJ4x6/lifecycle/suspend","method":"POST"},"schema":{"href":"https://test.okta.com/api/v1/meta/schemas/user/oscc04qb2rUDcq2YA4x6"},"resetPassword":{"href":"https://test.okta.com/api/v1/users/00uptlvciXKlV5OZJ4x6/lifecycle/reset_password","method":"POST"},"expirePassword":{"href":"https://test.okta.com/api/v1/users/00uptlvciXKlV5OZJ4x6/lifecycle/expire_password","method":"POST"},"changeRecoveryQuestion":{"href":"https://test.okta.com/api/v1/users/00uptlvciXKlV5OZJ4x6/credentials/change_recovery_question","method":"POST"},"self":{"href":"https://test.okta.com/api/v1/users/00uptlvciXKlV5OZJ4x6"},"type":{"href":"https://test.okta.com/api/v1/meta/types/user/otyc04qb2rUDcq2YA4x6"},"changePassword":{"href":"https://test.okta.com/api/v1/users/00uptlvciXKlV5OZJ4x6/credentials/change_password","method":"POST"},"deactivate":{"href":"https://test.okta.com/api/v1/users/00uptlvciXKlV5OZJ4x6/lifecycle/deactivate","method":"POST"}}}'
    headers:
      Connection: keep-alive
      Content-Encoding: gzip
      Content-Type: application/json;charset=UTF-8
      Date: Wed, 12 Aug 2020 18:59:15 GMT
      Public-Key-Pins-Report-Only: pin-sha256="r5EfzZxQVvQpKo3AgYRaT7X2bDO/kj3ACwmxfdT2zt8=";
        pin-sha256="MaqlcUgk2mvY/RFSGeSwBRkI+rZ6/dxe/DuQfBT/vnQ="; pin-sha256="72G5IEvDEWn+EThf3qjR7/bQSWaS2ZSLqolhnO6iyJI=";
        pin-sha256="rrV6CLCCvqnk89gWibYT0JO6fNQ8cCit7GGoiVTjCOg="; max-age=60; report-uri="https://okta.report-uri.com/r/default/hpkp/reportOnly"
      Server: nginx
      Strict-Transport-Security: max-age=315360000; includeSubDomains
      Transfer-Encoding: chunked
      Vary: Accept-Encoding
      cache-control: no-cache, no-store
      content-security-policy-report-only: 'default-src ''self'' *.oktacdn.com test.okta.com;
        connect-src ''self'' *.oktacdn.com *.mixpanel.com *.mapbox.com app.pendo.io
        data.pendo.io pendo-static-5634101834153984.storage.googleapis.com test.okta.com
        test-admin.okta.com https://oinmanager.okta.com data:; script-src ''unsafe-inline''
        ''unsafe-eval'' ''self'' *.oktacdn.com; style-src ''unsafe-inline'' ''self''
        *.oktacdn.com app.pendo.io cdn.pendo.io pendo-static-5634101834153984.storage.googleapis.com;
        frame-src ''self'' login.okta.com test.okta.com test-admin.okta.com; img-src
        ''self'' *.oktacdn.com test.okta.com *.tiles.mapbox.com *.mapbox.com app.pendo.io
        data.pendo.io cdn.pendo.io pendo-static-5634101834153984.storage.googleapis.com
        data: blob:; font-src data: ''self'' *.oktacdn.com fonts.gstatic.com; report-uri
        https://okta.report-uri.com/r/d/csp/reportOnly; report-to csp-report'
      expires: '0'
      p3p: CP="HONK"
      pragma: no-cache
      report-to: '{"group":"csp-report","max_age":31536000,"endpoints":[{"url":"https://okta.report-uri.com/r/d/csp/reportOnly"}],"include_subdomains":true}'
      set-cookie: JSESSIONID=058CAD163BDF4A78E0A53347260D7829; Path=/; Secure; HttpOnly
      x-content-type-options: nosniff
      x-okta-request-id: XzQ8A6AoDBK-RJXuMfzfOQAABLk
      x-rate-limit-limit: '600'
      x-rate-limit-remaining: '598'
      x-rate-limit-reset: '1597258814'
      x-xss-protection: 1; mode=block; report=https://okta.report-uri.com/r/d/xss/enforce
    status:
      code: 200
      message: OK
    url: https://test.okta.com/api/v1/users/?activate=True
- request:
    body: null
    headers:
      Accept:
      - application/json
      Authorization:
      - SSWS myAPIToken
      Content-Type:
      - application/json
      User-Agent:
      - okta-sdk-python/1.0.0-alpha.1 python/3.8.3 Darwin/18.7.0
    method: POST
    uri: https://test.okta.com/api/v1/apps/0oaptkzlncVfLwbUi4x6/users
  response:
    body:
      string: '{"id":"00uptmq03l3ID0hdM4x6","externalId":null,"created":"2020-08-12T18:59:16.000Z","lastUpdated":"2020-08-12T18:59:16.000Z","scope":"USER","status":"ACTIVE","statusChanged":"2020-08-12T18:59:16.000Z","passwordChanged":null,"syncState":"DISABLED","credentials":{"userName":"John.Doe-Get@example.com"},"profile":{},"_links":{"app":{"href":"https://test.okta.com/api/v1/apps/0oaptkzlncVfLwbUi4x6"},"user":{"href":"https://test.okta.com/api/v1/users/00uptmq03l3ID0hdM4x6"}}}'
    headers:
      Connection: keep-alive
      Content-Encoding: gzip
      Content-Type: application/json;charset=UTF-8
      Date: Wed, 12 Aug 2020 18:59:16 GMT
      Public-Key-Pins-Report-Only: pin-sha256="r5EfzZxQVvQpKo3AgYRaT7X2bDO/kj3ACwmxfdT2zt8=";
        pin-sha256="MaqlcUgk2mvY/RFSGeSwBRkI+rZ6/dxe/DuQfBT/vnQ="; pin-sha256="72G5IEvDEWn+EThf3qjR7/bQSWaS2ZSLqolhnO6iyJI=";
        pin-sha256="rrV6CLCCvqnk89gWibYT0JO6fNQ8cCit7GGoiVTjCOg="; max-age=60; report-uri="https://okta.report-uri.com/r/default/hpkp/reportOnly"
      Server: nginx
      Strict-Transport-Security: max-age=315360000; includeSubDomains
      Transfer-Encoding: chunked
      Vary: Accept-Encoding
      cache-control: no-cache, no-store
      content-security-policy-report-only: 'default-src ''self'' *.oktacdn.com test.okta.com;
        connect-src ''self'' *.oktacdn.com *.mixpanel.com *.mapbox.com app.pendo.io
        data.pendo.io pendo-static-5634101834153984.storage.googleapis.com test.okta.com
        test-admin.okta.com https://oinmanager.okta.com data:; script-src ''unsafe-inline''
        ''unsafe-eval'' ''self'' *.oktacdn.com; style-src ''unsafe-inline'' ''self''
        *.oktacdn.com app.pendo.io cdn.pendo.io pendo-static-5634101834153984.storage.googleapis.com;
        frame-src ''self'' login.okta.com test.okta.com test-admin.okta.com; img-src
        ''self'' *.oktacdn.com test.okta.com *.tiles.mapbox.com *.mapbox.com app.pendo.io
        data.pendo.io cdn.pendo.io pendo-static-5634101834153984.storage.googleapis.com
        data: blob:; font-src data: ''self'' *.oktacdn.com fonts.gstatic.com; report-uri
        https://okta.report-uri.com/r/d/csp/reportOnly; report-to csp-report'
      expires: '0'
      p3p: CP="HONK"
      pragma: no-cache
      report-to: '{"group":"csp-report","max_age":31536000,"endpoints":[{"url":"https://okta.report-uri.com/r/d/csp/reportOnly"}],"include_subdomains":true}'
      set-cookie: JSESSIONID=90A83430B59B3C49748AD148098C1466; Path=/; Secure; HttpOnly
      x-content-type-options: nosniff
      x-okta-request-id: XzQ8A5F6ABcFBlVbh7WItQAACYk
      x-rate-limit-limit: '100'
      x-rate-limit-remaining: '98'
      x-rate-limit-reset: '1597258814'
      x-xss-protection: 1; mode=block; report=https://okta.report-uri.com/r/d/xss/enforce
    status:
      code: 200
      message: OK
    url: https://test.okta.com/api/v1/apps/0oaptkzlncVfLwbUi4x6/users
- request:
    body: null
    headers:
      Accept:
      - application/json
      Authorization:
      - SSWS myAPIToken
      Content-Type:
      - application/json
      User-Agent:
      - okta-sdk-python/1.0.0-alpha.1 python/3.8.3 Darwin/18.7.0
    method: POST
    uri: https://test.okta.com/api/v1/apps/0oaptkzlncVfLwbUi4x6/users
  response:
    body:
      string: '{"id":"00uptlvciXKlV5OZJ4x6","externalId":null,"created":"2020-08-12T18:59:16.000Z","lastUpdated":"2020-08-12T18:59:16.000Z","scope":"USER","status":"ACTIVE","statusChanged":"2020-08-12T18:59:16.000Z","passwordChanged":null,"syncState":"DISABLED","credentials":{"userName":"John.Doe-List@example.com"},"profile":{},"_links":{"app":{"href":"https://test.okta.com/api/v1/apps/0oaptkzlncVfLwbUi4x6"},"user":{"href":"https://test.okta.com/api/v1/users/00uptlvciXKlV5OZJ4x6"}}}'
    headers:
      Connection: keep-alive
      Content-Encoding: gzip
      Content-Type: application/json;charset=UTF-8
      Date: Wed, 12 Aug 2020 18:59:16 GMT
      Public-Key-Pins-Report-Only: pin-sha256="r5EfzZxQVvQpKo3AgYRaT7X2bDO/kj3ACwmxfdT2zt8=";
        pin-sha256="MaqlcUgk2mvY/RFSGeSwBRkI+rZ6/dxe/DuQfBT/vnQ="; pin-sha256="72G5IEvDEWn+EThf3qjR7/bQSWaS2ZSLqolhnO6iyJI=";
        pin-sha256="rrV6CLCCvqnk89gWibYT0JO6fNQ8cCit7GGoiVTjCOg="; max-age=60; report-uri="https://okta.report-uri.com/r/default/hpkp/reportOnly"
      Server: nginx
      Strict-Transport-Security: max-age=315360000; includeSubDomains
      Transfer-Encoding: chunked
      Vary: Accept-Encoding
      cache-control: no-cache, no-store
      content-security-policy-report-only: 'default-src ''self'' *.oktacdn.com test.okta.com;
        connect-src ''self'' *.oktacdn.com *.mixpanel.com *.mapbox.com app.pendo.io
        data.pendo.io pendo-static-5634101834153984.storage.googleapis.com test.okta.com
        test-admin.okta.com https://oinmanager.okta.com data:; script-src ''unsafe-inline''
        ''unsafe-eval'' ''self'' *.oktacdn.com; style-src ''unsafe-inline'' ''self''
        *.oktacdn.com app.pendo.io cdn.pendo.io pendo-static-5634101834153984.storage.googleapis.com;
        frame-src ''self'' login.okta.com test.okta.com test-admin.okta.com; img-src
        ''self'' *.oktacdn.com test.okta.com *.tiles.mapbox.com *.mapbox.com app.pendo.io
        data.pendo.io cdn.pendo.io pendo-static-5634101834153984.storage.googleapis.com
        data: blob:; font-src data: ''self'' *.oktacdn.com fonts.gstatic.com; report-uri
        https://okta.report-uri.com/r/d/csp/reportOnly; report-to csp-report'
      expires: '0'
      p3p: CP="HONK"
      pragma: no-cache
      report-to: '{"group":"csp-report","max_age":31536000,"endpoints":[{"url":"https://okta.report-uri.com/r/d/csp/reportOnly"}],"include_subdomains":true}'
      set-cookie: JSESSIONID=1C767A9CDA50FDF742BAF74D0011E38A; Path=/; Secure; HttpOnly
      x-content-type-options: nosniff
      x-okta-request-id: XzQ8BMZqIgY6y1Gw06b0PQAAAE0
      x-rate-limit-limit: '100'
      x-rate-limit-remaining: '97'
      x-rate-limit-reset: '1597258814'
      x-xss-protection: 1; mode=block; report=https://okta.report-uri.com/r/d/xss/enforce
    status:
      code: 200
      message: OK
    url: https://test.okta.com/api/v1/apps/0oaptkzlncVfLwbUi4x6/users
- request:
    body: null
    headers:
      Accept:
      - application/json
      Authorization:
      - SSWS myAPIToken
      Content-Type:
      - application/json
      User-Agent:
      - okta-sdk-python/1.0.0-alpha.1 python/3.8.3 Darwin/18.7.0
    method: GET
    uri: https://test.okta.com/api/v1/apps/0oaptkzlncVfLwbUi4x6/users/00uptmq03l3ID0hdM4x6
  response:
    body:
      string: '{"id":"00uptmq03l3ID0hdM4x6","externalId":null,"created":"2020-08-12T18:59:16.000Z","lastUpdated":"2020-08-12T18:59:16.000Z","scope":"USER","status":"ACTIVE","statusChanged":"2020-08-12T18:59:16.000Z","passwordChanged":null,"syncState":"DISABLED","credentials":{"userName":"John.Doe-Get@example.com"},"profile":{},"_links":{"app":{"href":"https://test.okta.com/api/v1/apps/0oaptkzlncVfLwbUi4x6"},"user":{"href":"https://test.okta.com/api/v1/users/00uptmq03l3ID0hdM4x6"}}}'
    headers:
      Connection: close
      Content-Encoding: gzip
      Content-Type: application/json;charset=UTF-8
      Date: Wed, 12 Aug 2020 18:59:16 GMT
      Public-Key-Pins-Report-Only: pin-sha256="r5EfzZxQVvQpKo3AgYRaT7X2bDO/kj3ACwmxfdT2zt8=";
        pin-sha256="MaqlcUgk2mvY/RFSGeSwBRkI+rZ6/dxe/DuQfBT/vnQ="; pin-sha256="72G5IEvDEWn+EThf3qjR7/bQSWaS2ZSLqolhnO6iyJI=";
        pin-sha256="rrV6CLCCvqnk89gWibYT0JO6fNQ8cCit7GGoiVTjCOg="; max-age=60; report-uri="https://okta.report-uri.com/r/default/hpkp/reportOnly"
      Server: nginx
      Strict-Transport-Security: max-age=315360000; includeSubDomains
      Transfer-Encoding: chunked
      Vary: Accept-Encoding
      cache-control: no-cache, no-store
      content-security-policy-report-only: 'default-src ''self'' *.oktacdn.com test.okta.com;
        connect-src ''self'' *.oktacdn.com *.mixpanel.com *.mapbox.com app.pendo.io
        data.pendo.io pendo-static-5634101834153984.storage.googleapis.com test.okta.com
        test-admin.okta.com https://oinmanager.okta.com data:; script-src ''unsafe-inline''
        ''unsafe-eval'' ''self'' *.oktacdn.com; style-src ''unsafe-inline'' ''self''
        *.oktacdn.com app.pendo.io cdn.pendo.io pendo-static-5634101834153984.storage.googleapis.com;
        frame-src ''self'' login.okta.com test.okta.com test-admin.okta.com; img-src
        ''self'' *.oktacdn.com test.okta.com *.tiles.mapbox.com *.mapbox.com app.pendo.io
        data.pendo.io cdn.pendo.io pendo-static-5634101834153984.storage.googleapis.com
        data: blob:; font-src data: ''self'' *.oktacdn.com fonts.gstatic.com; report-uri
        https://okta.report-uri.com/r/d/csp/reportOnly; report-to csp-report'
      expires: '0'
      p3p: CP="HONK"
      pragma: no-cache
      report-to: '{"group":"csp-report","max_age":31536000,"endpoints":[{"url":"https://okta.report-uri.com/r/d/csp/reportOnly"}],"include_subdomains":true}'
      set-cookie: JSESSIONID=201FDF24C8AF7238E07EE07F921506C9; Path=/; Secure; HttpOnly
      x-content-type-options: nosniff
      x-okta-request-id: XzQ8BEaK9JuQdFKjI05g3AAABDI
      x-rate-limit-limit: '100'
      x-rate-limit-remaining: '96'
      x-rate-limit-reset: '1597258814'
      x-xss-protection: 1; mode=block; report=https://okta.report-uri.com/r/d/xss/enforce
    status:
      code: 200
      message: OK
    url: https://test.okta.com/api/v1/apps/0oaptkzlncVfLwbUi4x6/users/00uptmq03l3ID0hdM4x6
- request:
    body: null
    headers:
      Accept:
      - application/json
      Authorization:
      - SSWS myAPIToken
      Content-Type:
      - application/json
      User-Agent:
      - okta-sdk-python/1.0.0-alpha.1 python/3.8.3 Darwin/18.7.0
    method: GET
    uri: https://test.okta.com/api/v1/apps/0oaptkzlncVfLwbUi4x6/users
  response:
    body:
      string: '[{"id":"00uptlvciXKlV5OZJ4x6","externalId":null,"created":"2020-08-12T18:59:16.000Z","lastUpdated":"2020-08-12T18:59:16.000Z","scope":"USER","status":"ACTIVE","statusChanged":"2020-08-12T18:59:16.000Z","passwordChanged":null,"syncState":"DISABLED","credentials":{"userName":"John.Doe-List@example.com"},"profile":{},"_links":{"app":{"href":"https://test.okta.com/api/v1/apps/0oaptkzlncVfLwbUi4x6"},"user":{"href":"https://test.okta.com/api/v1/users/00uptlvciXKlV5OZJ4x6"}}},{"id":"00uptmq03l3ID0hdM4x6","externalId":null,"created":"2020-08-12T18:59:16.000Z","lastUpdated":"2020-08-12T18:59:16.000Z","scope":"USER","status":"ACTIVE","statusChanged":"2020-08-12T18:59:16.000Z","passwordChanged":null,"syncState":"DISABLED","credentials":{"userName":"John.Doe-Get@example.com"},"profile":{},"_links":{"app":{"href":"https://test.okta.com/api/v1/apps/0oaptkzlncVfLwbUi4x6"},"user":{"href":"https://test.okta.com/api/v1/users/00uptmq03l3ID0hdM4x6"}}}]'
    headers:
      Connection: close
      Content-Encoding: gzip
      Content-Type: application/json;charset=UTF-8
      Date: Wed, 12 Aug 2020 18:59:17 GMT
      Public-Key-Pins-Report-Only: pin-sha256="r5EfzZxQVvQpKo3AgYRaT7X2bDO/kj3ACwmxfdT2zt8=";
        pin-sha256="MaqlcUgk2mvY/RFSGeSwBRkI+rZ6/dxe/DuQfBT/vnQ="; pin-sha256="72G5IEvDEWn+EThf3qjR7/bQSWaS2ZSLqolhnO6iyJI=";
        pin-sha256="rrV6CLCCvqnk89gWibYT0JO6fNQ8cCit7GGoiVTjCOg="; max-age=60; report-uri="https://okta.report-uri.com/r/default/hpkp/reportOnly"
      Server: nginx
      Strict-Transport-Security: max-age=315360000; includeSubDomains
      Transfer-Encoding: chunked
      Vary: Accept-Encoding
      cache-control: no-cache, no-store
      content-security-policy-report-only: 'default-src ''self'' *.oktacdn.com test.okta.com;
        connect-src ''self'' *.oktacdn.com *.mixpanel.com *.mapbox.com app.pendo.io
        data.pendo.io pendo-static-5634101834153984.storage.googleapis.com test.okta.com
        test-admin.okta.com https://oinmanager.okta.com data:; script-src ''unsafe-inline''
        ''unsafe-eval'' ''self'' *.oktacdn.com; style-src ''unsafe-inline'' ''self''
        *.oktacdn.com app.pendo.io cdn.pendo.io pendo-static-5634101834153984.storage.googleapis.com;
        frame-src ''self'' login.okta.com test.okta.com test-admin.okta.com; img-src
        ''self'' *.oktacdn.com test.okta.com *.tiles.mapbox.com *.mapbox.com app.pendo.io
        data.pendo.io cdn.pendo.io pendo-static-5634101834153984.storage.googleapis.com
        data: blob:; font-src data: ''self'' *.oktacdn.com fonts.gstatic.com; report-uri
        https://okta.report-uri.com/r/d/csp/reportOnly; report-to csp-report'
      expires: '0'
      link: <https://test.okta.com/api/v1/apps/0oaptkzlncVfLwbUi4x6/users?limit=50>;
        rel="self"
      p3p: CP="HONK"
      pragma: no-cache
      report-to: '{"group":"csp-report","max_age":31536000,"endpoints":[{"url":"https://okta.report-uri.com/r/d/csp/reportOnly"}],"include_subdomains":true}'
      set-cookie: JSESSIONID=03D52647028BEE877E9F151356D377E0; Path=/; Secure; HttpOnly
      x-content-type-options: nosniff
      x-okta-request-id: XzQ8BS1jtNBxs2DVHFebkgAAAr8
      x-rate-limit-limit: '100'
      x-rate-limit-remaining: '95'
      x-rate-limit-reset: '1597258814'
      x-xss-protection: 1; mode=block; report=https://okta.report-uri.com/r/d/xss/enforce
    status:
      code: 200
      message: OK
    url: https://test.okta.com/api/v1/apps/0oaptkzlncVfLwbUi4x6/users
- request:
    body: null
    headers:
      Accept:
      - application/json
      Authorization:
      - SSWS myAPIToken
      Content-Type:
      - application/json
      User-Agent:
      - okta-sdk-python/1.0.0-alpha.1 python/3.8.3 Darwin/18.7.0
    method: POST
    uri: https://test.okta.com/api/v1/users/00uptmq03l3ID0hdM4x6/lifecycle/deactivate
  response:
    body:
      string: '{}'
    headers:
      Connection: keep-alive
      Content-Encoding: gzip
      Content-Type: application/json;charset=UTF-8
      Date: Wed, 12 Aug 2020 18:59:17 GMT
      Public-Key-Pins-Report-Only: pin-sha256="r5EfzZxQVvQpKo3AgYRaT7X2bDO/kj3ACwmxfdT2zt8=";
        pin-sha256="MaqlcUgk2mvY/RFSGeSwBRkI+rZ6/dxe/DuQfBT/vnQ="; pin-sha256="72G5IEvDEWn+EThf3qjR7/bQSWaS2ZSLqolhnO6iyJI=";
        pin-sha256="rrV6CLCCvqnk89gWibYT0JO6fNQ8cCit7GGoiVTjCOg="; max-age=60; report-uri="https://okta.report-uri.com/r/default/hpkp/reportOnly"
      Server: nginx
      Strict-Transport-Security: max-age=315360000; includeSubDomains
      Transfer-Encoding: chunked
      Vary: Accept-Encoding
      cache-control: no-cache, no-store
      content-security-policy-report-only: 'default-src ''self'' *.oktacdn.com test.okta.com;
        connect-src ''self'' *.oktacdn.com *.mixpanel.com *.mapbox.com app.pendo.io
        data.pendo.io pendo-static-5634101834153984.storage.googleapis.com test.okta.com
        test-admin.okta.com https://oinmanager.okta.com data:; script-src ''unsafe-inline''
        ''unsafe-eval'' ''self'' *.oktacdn.com; style-src ''unsafe-inline'' ''self''
        *.oktacdn.com app.pendo.io cdn.pendo.io pendo-static-5634101834153984.storage.googleapis.com;
        frame-src ''self'' login.okta.com test.okta.com test-admin.okta.com; img-src
        ''self'' *.oktacdn.com test.okta.com *.tiles.mapbox.com *.mapbox.com app.pendo.io
        data.pendo.io cdn.pendo.io pendo-static-5634101834153984.storage.googleapis.com
        data: blob:; font-src data: ''self'' *.oktacdn.com fonts.gstatic.com; report-uri
        https://okta.report-uri.com/r/d/csp/reportOnly; report-to csp-report'
      expires: '0'
      p3p: CP="HONK"
      pragma: no-cache
      report-to: '{"group":"csp-report","max_age":31536000,"endpoints":[{"url":"https://okta.report-uri.com/r/d/csp/reportOnly"}],"include_subdomains":true}'
      set-cookie: JSESSIONID=CA24BF63BE95E5D8BA51A2F61D2FD58A; Path=/; Secure; HttpOnly
      x-content-type-options: nosniff
      x-okta-request-id: XzQ8BQ70y2GOUxnqjRs5cwAABMs
      x-rate-limit-limit: '600'
      x-rate-limit-remaining: '597'
      x-rate-limit-reset: '1597258814'
      x-xss-protection: 1; mode=block; report=https://okta.report-uri.com/r/d/xss/enforce
    status:
      code: 200
      message: OK
    url: https://test.okta.com/api/v1/users/00uptmq03l3ID0hdM4x6/lifecycle/deactivate
- request:
    body: null
    headers:
      Accept:
      - application/json
      Authorization:
      - SSWS myAPIToken
      Content-Type:
      - application/json
      User-Agent:
      - okta-sdk-python/1.0.0-alpha.1 python/3.8.3 Darwin/18.7.0
    method: DELETE
    uri: https://test.okta.com/api/v1/users/00uptmq03l3ID0hdM4x6
  response:
    body:
      string: ''
    headers:
      Connection: keep-alive
      Date: Wed, 12 Aug 2020 18:59:18 GMT
      Public-Key-Pins-Report-Only: pin-sha256="r5EfzZxQVvQpKo3AgYRaT7X2bDO/kj3ACwmxfdT2zt8=";
        pin-sha256="MaqlcUgk2mvY/RFSGeSwBRkI+rZ6/dxe/DuQfBT/vnQ="; pin-sha256="72G5IEvDEWn+EThf3qjR7/bQSWaS2ZSLqolhnO6iyJI=";
        pin-sha256="rrV6CLCCvqnk89gWibYT0JO6fNQ8cCit7GGoiVTjCOg="; max-age=60; report-uri="https://okta.report-uri.com/r/default/hpkp/reportOnly"
      Server: nginx
      Strict-Transport-Security: max-age=315360000; includeSubDomains
      cache-control: no-cache, no-store
      content-security-policy-report-only: 'default-src ''self'' *.oktacdn.com test.okta.com;
        connect-src ''self'' *.oktacdn.com *.mixpanel.com *.mapbox.com app.pendo.io
        data.pendo.io pendo-static-5634101834153984.storage.googleapis.com test.okta.com
        test-admin.okta.com https://oinmanager.okta.com data:; script-src ''unsafe-inline''
        ''unsafe-eval'' ''self'' *.oktacdn.com; style-src ''unsafe-inline'' ''self''
        *.oktacdn.com app.pendo.io cdn.pendo.io pendo-static-5634101834153984.storage.googleapis.com;
        frame-src ''self'' login.okta.com test.okta.com test-admin.okta.com; img-src
        ''self'' *.oktacdn.com test.okta.com *.tiles.mapbox.com *.mapbox.com app.pendo.io
        data.pendo.io cdn.pendo.io pendo-static-5634101834153984.storage.googleapis.com
        data: blob:; font-src data: ''self'' *.oktacdn.com fonts.gstatic.com; report-uri
        https://okta.report-uri.com/r/d/csp/reportOnly; report-to csp-report'
      expires: '0'
      p3p: CP="HONK"
      pragma: no-cache
      report-to: '{"group":"csp-report","max_age":31536000,"endpoints":[{"url":"https://okta.report-uri.com/r/d/csp/reportOnly"}],"include_subdomains":true}'
      set-cookie: JSESSIONID=F567989DF8F117D954C699D451F8922A; Path=/; Secure; HttpOnly
      x-frame-options: SAMEORIGIN
      x-okta-request-id: XzQ8BZ5Kk@1h6qjS2stPKwAAACY
      x-rate-limit-limit: '600'
      x-rate-limit-remaining: '599'
      x-rate-limit-reset: '1597258817'
      x-xss-protection: 1; mode=block; report=https://okta.report-uri.com/r/d/xss/enforce
    status:
      code: 204
      message: No Content
    url: https://test.okta.com/api/v1/users/00uptmq03l3ID0hdM4x6
- request:
    body: null
    headers:
      Accept:
      - application/json
      Authorization:
      - SSWS myAPIToken
      Content-Type:
      - application/json
      User-Agent:
      - okta-sdk-python/1.0.0-alpha.1 python/3.8.3 Darwin/18.7.0
    method: POST
    uri: https://test.okta.com/api/v1/users/00uptlvciXKlV5OZJ4x6/lifecycle/deactivate
  response:
    body:
      string: '{}'
    headers:
      Connection: keep-alive
      Content-Encoding: gzip
      Content-Type: application/json;charset=UTF-8
      Date: Wed, 12 Aug 2020 18:59:18 GMT
      Public-Key-Pins-Report-Only: pin-sha256="r5EfzZxQVvQpKo3AgYRaT7X2bDO/kj3ACwmxfdT2zt8=";
        pin-sha256="MaqlcUgk2mvY/RFSGeSwBRkI+rZ6/dxe/DuQfBT/vnQ="; pin-sha256="72G5IEvDEWn+EThf3qjR7/bQSWaS2ZSLqolhnO6iyJI=";
        pin-sha256="rrV6CLCCvqnk89gWibYT0JO6fNQ8cCit7GGoiVTjCOg="; max-age=60; report-uri="https://okta.report-uri.com/r/default/hpkp/reportOnly"
      Server: nginx
      Strict-Transport-Security: max-age=315360000; includeSubDomains
      Transfer-Encoding: chunked
      Vary: Accept-Encoding
      cache-control: no-cache, no-store
      content-security-policy-report-only: 'default-src ''self'' *.oktacdn.com test.okta.com;
        connect-src ''self'' *.oktacdn.com *.mixpanel.com *.mapbox.com app.pendo.io
        data.pendo.io pendo-static-5634101834153984.storage.googleapis.com test.okta.com
        test-admin.okta.com https://oinmanager.okta.com data:; script-src ''unsafe-inline''
        ''unsafe-eval'' ''self'' *.oktacdn.com; style-src ''unsafe-inline'' ''self''
        *.oktacdn.com app.pendo.io cdn.pendo.io pendo-static-5634101834153984.storage.googleapis.com;
        frame-src ''self'' login.okta.com test.okta.com test-admin.okta.com; img-src
        ''self'' *.oktacdn.com test.okta.com *.tiles.mapbox.com *.mapbox.com app.pendo.io
        data.pendo.io cdn.pendo.io pendo-static-5634101834153984.storage.googleapis.com
        data: blob:; font-src data: ''self'' *.oktacdn.com fonts.gstatic.com; report-uri
        https://okta.report-uri.com/r/d/csp/reportOnly; report-to csp-report'
      expires: '0'
      p3p: CP="HONK"
      pragma: no-cache
      report-to: '{"group":"csp-report","max_age":31536000,"endpoints":[{"url":"https://okta.report-uri.com/r/d/csp/reportOnly"}],"include_subdomains":true}'
      set-cookie: JSESSIONID=58494A515C1798B5D34F984B43A00269; Path=/; Secure; HttpOnly
      x-content-type-options: nosniff
      x-okta-request-id: XzQ8Bn1k1JGnQZ72Fr6D7wAABnM
      x-rate-limit-limit: '600'
      x-rate-limit-remaining: '596'
      x-rate-limit-reset: '1597258814'
      x-xss-protection: 1; mode=block; report=https://okta.report-uri.com/r/d/xss/enforce
    status:
      code: 200
      message: OK
    url: https://test.okta.com/api/v1/users/00uptlvciXKlV5OZJ4x6/lifecycle/deactivate
- request:
    body: null
    headers:
      Accept:
      - application/json
      Authorization:
      - SSWS myAPIToken
      Content-Type:
      - application/json
      User-Agent:
      - okta-sdk-python/1.0.0-alpha.1 python/3.8.3 Darwin/18.7.0
    method: DELETE
    uri: https://test.okta.com/api/v1/users/00uptlvciXKlV5OZJ4x6
  response:
    body:
      string: ''
    headers:
      Connection: keep-alive
      Date: Wed, 12 Aug 2020 18:59:18 GMT
      Public-Key-Pins-Report-Only: pin-sha256="r5EfzZxQVvQpKo3AgYRaT7X2bDO/kj3ACwmxfdT2zt8=";
        pin-sha256="MaqlcUgk2mvY/RFSGeSwBRkI+rZ6/dxe/DuQfBT/vnQ="; pin-sha256="72G5IEvDEWn+EThf3qjR7/bQSWaS2ZSLqolhnO6iyJI=";
        pin-sha256="rrV6CLCCvqnk89gWibYT0JO6fNQ8cCit7GGoiVTjCOg="; max-age=60; report-uri="https://okta.report-uri.com/r/default/hpkp/reportOnly"
      Server: nginx
      Strict-Transport-Security: max-age=315360000; includeSubDomains
      cache-control: no-cache, no-store
      content-security-policy-report-only: 'default-src ''self'' *.oktacdn.com test.okta.com;
        connect-src ''self'' *.oktacdn.com *.mixpanel.com *.mapbox.com app.pendo.io
        data.pendo.io pendo-static-5634101834153984.storage.googleapis.com test.okta.com
        test-admin.okta.com https://oinmanager.okta.com data:; script-src ''unsafe-inline''
        ''unsafe-eval'' ''self'' *.oktacdn.com; style-src ''unsafe-inline'' ''self''
        *.oktacdn.com app.pendo.io cdn.pendo.io pendo-static-5634101834153984.storage.googleapis.com;
        frame-src ''self'' login.okta.com test.okta.com test-admin.okta.com; img-src
        ''self'' *.oktacdn.com test.okta.com *.tiles.mapbox.com *.mapbox.com app.pendo.io
        data.pendo.io cdn.pendo.io pendo-static-5634101834153984.storage.googleapis.com
        data: blob:; font-src data: ''self'' *.oktacdn.com fonts.gstatic.com; report-uri
        https://okta.report-uri.com/r/d/csp/reportOnly; report-to csp-report'
      expires: '0'
      p3p: CP="HONK"
      pragma: no-cache
      report-to: '{"group":"csp-report","max_age":31536000,"endpoints":[{"url":"https://okta.report-uri.com/r/d/csp/reportOnly"}],"include_subdomains":true}'
      set-cookie: JSESSIONID=288808D4024334C8B3A7CA827F038C46; Path=/; Secure; HttpOnly
      x-frame-options: SAMEORIGIN
      x-okta-request-id: XzQ8Bn3by3cU8ozcZboLJgAABZY
      x-rate-limit-limit: '600'
      x-rate-limit-remaining: '598'
      x-rate-limit-reset: '1597258817'
      x-xss-protection: 1; mode=block; report=https://okta.report-uri.com/r/d/xss/enforce
    status:
      code: 204
      message: No Content
    url: https://test.okta.com/api/v1/users/00uptlvciXKlV5OZJ4x6
- request:
    body: null
    headers:
      Accept:
      - application/json
      Authorization:
      - SSWS myAPIToken
      Content-Type:
      - application/json
      User-Agent:
      - okta-sdk-python/1.0.0-alpha.1 python/3.8.3 Darwin/18.7.0
    method: POST
    uri: https://test.okta.com/api/v1/apps/0oaptkzlncVfLwbUi4x6/lifecycle/deactivate
  response:
    body:
      string: '{}'
    headers:
      Connection: keep-alive
      Content-Encoding: gzip
      Content-Type: application/json;charset=UTF-8
      Date: Wed, 12 Aug 2020 18:59:19 GMT
      Public-Key-Pins-Report-Only: pin-sha256="r5EfzZxQVvQpKo3AgYRaT7X2bDO/kj3ACwmxfdT2zt8=";
        pin-sha256="MaqlcUgk2mvY/RFSGeSwBRkI+rZ6/dxe/DuQfBT/vnQ="; pin-sha256="72G5IEvDEWn+EThf3qjR7/bQSWaS2ZSLqolhnO6iyJI=";
        pin-sha256="rrV6CLCCvqnk89gWibYT0JO6fNQ8cCit7GGoiVTjCOg="; max-age=60; report-uri="https://okta.report-uri.com/r/default/hpkp/reportOnly"
      Server: nginx
      Strict-Transport-Security: max-age=315360000; includeSubDomains
      Transfer-Encoding: chunked
      Vary: Accept-Encoding
      cache-control: no-cache, no-store
      content-security-policy-report-only: 'default-src ''self'' *.oktacdn.com test.okta.com;
        connect-src ''self'' *.oktacdn.com *.mixpanel.com *.mapbox.com app.pendo.io
        data.pendo.io pendo-static-5634101834153984.storage.googleapis.com test.okta.com
        test-admin.okta.com https://oinmanager.okta.com data:; script-src ''unsafe-inline''
        ''unsafe-eval'' ''self'' *.oktacdn.com; style-src ''unsafe-inline'' ''self''
        *.oktacdn.com app.pendo.io cdn.pendo.io pendo-static-5634101834153984.storage.googleapis.com;
        frame-src ''self'' login.okta.com test.okta.com test-admin.okta.com; img-src
        ''self'' *.oktacdn.com test.okta.com *.tiles.mapbox.com *.mapbox.com app.pendo.io
        data.pendo.io cdn.pendo.io pendo-static-5634101834153984.storage.googleapis.com
        data: blob:; font-src data: ''self'' *.oktacdn.com fonts.gstatic.com; report-uri
        https://okta.report-uri.com/r/d/csp/reportOnly; report-to csp-report'
      expires: '0'
      p3p: CP="HONK"
      pragma: no-cache
      report-to: '{"group":"csp-report","max_age":31536000,"endpoints":[{"url":"https://okta.report-uri.com/r/d/csp/reportOnly"}],"include_subdomains":true}'
      set-cookie: JSESSIONID=777F523A31FCBDB3480490E3C9387ADF; Path=/; Secure; HttpOnly
      x-content-type-options: nosniff
      x-okta-request-id: XzQ8Bg87-YoqHNGxDst4TQAABPs
      x-rate-limit-limit: '100'
      x-rate-limit-remaining: '94'
      x-rate-limit-reset: '1597258814'
      x-xss-protection: 1; mode=block; report=https://okta.report-uri.com/r/d/xss/enforce
    status:
      code: 200
      message: OK
    url: https://test.okta.com/api/v1/apps/0oaptkzlncVfLwbUi4x6/lifecycle/deactivate
- request:
    body: null
    headers:
      Accept:
      - application/json
      Authorization:
      - SSWS myAPIToken
      Content-Type:
      - application/json
      User-Agent:
      - okta-sdk-python/1.0.0-alpha.1 python/3.8.3 Darwin/18.7.0
    method: DELETE
    uri: https://test.okta.com/api/v1/apps/0oaptkzlncVfLwbUi4x6
  response:
    body:
      string: ''
    headers:
      Connection: keep-alive
      Date: Wed, 12 Aug 2020 18:59:19 GMT
      Public-Key-Pins-Report-Only: pin-sha256="r5EfzZxQVvQpKo3AgYRaT7X2bDO/kj3ACwmxfdT2zt8=";
        pin-sha256="MaqlcUgk2mvY/RFSGeSwBRkI+rZ6/dxe/DuQfBT/vnQ="; pin-sha256="72G5IEvDEWn+EThf3qjR7/bQSWaS2ZSLqolhnO6iyJI=";
        pin-sha256="rrV6CLCCvqnk89gWibYT0JO6fNQ8cCit7GGoiVTjCOg="; max-age=60; report-uri="https://okta.report-uri.com/r/default/hpkp/reportOnly"
      Server: nginx
      Strict-Transport-Security: max-age=315360000; includeSubDomains
      cache-control: no-cache, no-store
      content-security-policy-report-only: 'default-src ''self'' *.oktacdn.com test.okta.com;
        connect-src ''self'' *.oktacdn.com *.mixpanel.com *.mapbox.com app.pendo.io
        data.pendo.io pendo-static-5634101834153984.storage.googleapis.com test.okta.com
        test-admin.okta.com https://oinmanager.okta.com data:; script-src ''unsafe-inline''
        ''unsafe-eval'' ''self'' *.oktacdn.com; style-src ''unsafe-inline'' ''self''
        *.oktacdn.com app.pendo.io cdn.pendo.io pendo-static-5634101834153984.storage.googleapis.com;
        frame-src ''self'' login.okta.com test.okta.com test-admin.okta.com; img-src
        ''self'' *.oktacdn.com test.okta.com *.tiles.mapbox.com *.mapbox.com app.pendo.io
        data.pendo.io cdn.pendo.io pendo-static-5634101834153984.storage.googleapis.com
        data: blob:; font-src data: ''self'' *.oktacdn.com fonts.gstatic.com; report-uri
        https://okta.report-uri.com/r/d/csp/reportOnly; report-to csp-report'
      expires: '0'
      p3p: CP="HONK"
      pragma: no-cache
      report-to: '{"group":"csp-report","max_age":31536000,"endpoints":[{"url":"https://okta.report-uri.com/r/d/csp/reportOnly"}],"include_subdomains":true}'
      set-cookie: JSESSIONID=5C96952F7C2A527F917560F02101FC8F; Path=/; Secure; HttpOnly
      x-frame-options: SAMEORIGIN
      x-okta-request-id: XzQ8B834nJ4C3uS6zOjvUQAABDE
      x-rate-limit-limit: '500'
      x-rate-limit-remaining: '499'
      x-rate-limit-reset: '1597258819'
      x-xss-protection: 1; mode=block; report=https://okta.report-uri.com/r/d/xss/enforce
    status:
      code: 204
      message: No Content
    url: https://test.okta.com/api/v1/apps/0oaptkzlncVfLwbUi4x6
version: 1
